---
source: crates/core/src/lib.rs
expression: "err.pretty_print(false, code, \"<code>\")"
---
error: Invalid token
 --> <code>:1:1
  |
1 | "
  | ^

